node.exe : ΓÜá 
Warning: Next.js 
inferred your 
workspace root, but 
it may not be correct.
At line:1 char:1
+ & "C:\Program Files\
nodejs/node.exe" 
"C:\Program 
Files\nodejs/node_mo 
...
+ ~~~~~~~~~~~~~~~~~~~~
~~~~~~~~~~~~~~~~~~~~~~
~~~~~~~~~~~~~~~~~~~~~~
~~~~~
    + CategoryInfo    
          : NotSpeci  
  fied: (ΓÜá Warnin   
 g: Ne...not be co    
rrect.:String) []    
, RemoteException
    + FullyQualifiedE 
   rrorId : NativeCo  
  mmandError
 
 We detected multiple 
lockfiles and 
selected the 
directory of C:\Users\
ogwuo\OneDrive\Desktop
\PAnsGPT\package-lock.
json as the root 
directory.
 To silence this 
warning, set 
`turbopack.root` in 
your Next.js config, 
or consider removing 
one of the lockfiles 
if it's not needed.
   See https://nextjs.
org/docs/app/api-refer
ence/config/next-confi
g-js/turbopack#root-di
rectory for more 
information.
 Detected additional 
lockfiles: 
   * C:\Users\ogwuo\On
eDrive\Desktop\PAnsGPT
\eli\frontend\package-
lock.json

Γû▓ Next.js 16.1.6 (Turbopack)
- Experiments (use with caution):
  ┬╖ serverActions

  Creating an optimized production build ...

> Build error occurred
Error: Turbopack 
build failed with 4 
errors:
./eli/frontend/compone
nts/landing/Testimonia
lCarousel.tsx:4:1
Module not found: 
Can't resolve 
'../ui/avatar'
[0m [90m 2 |[39m 
[36mimport[39m { 
useState[33m,[39m 
useEffect[33m,[39m 
useRef } 
[36mfrom[39m [32m"r
eact"[39m[33m;[39m
 [90m 3 |[39m 
[36mimport[39m { [3
3mCard[39m[33m,[39m
 
[33mCardContent[39m 
} [36mfrom[39m [32m
"../ui/card"[39m[33m
;[39m
[31m[1m>[22m[39m[
90m 4 |[39m 
[36mimport[39m { [3
3mAvatar[39m[33m,[3
9m [33mAvatarImage[3
9m[33m,[39m [33mAva
tarFallback[39m } 
[36mfrom[39m [32m".
./ui/avatar"[39m[33m
;[39m
 [90m   |[39m [31m
[1m^[22m[39m[31m[1
m^[22m[39m[31m[1m^
[22m[39m[31m[1m^[
22m[39m[31m[1m^[22
m[39m[31m[1m^[22m
[39m[31m[1m^[22m[3
9m[31m[1m^[22m[39m
[31m[1m^[22m[39m[
31m[1m^[22m[39m[31
m[1m^[22m[39m[31m
[1m^[22m[39m[31m[1
m^[22m[39m[31m[1m^
[22m[39m[31m[1m^[
22m[39m[31m[1m^[22
m[39m[31m[1m^[22m
[39m[31m[1m^[22m[3
9m[31m[1m^[22m[39m
[31m[1m^[22m[39m[
31m[1m^[22m[39m[31
m[1m^[22m[39m[31m
[1m^[22m[39m[31m[1
m^[22m[39m[31m[1m^
[22m[39m[31m[1m^[
22m[39m[31m[1m^[22
m[39m[31m[1m^[22m
[39m[31m[1m^[22m[3
9m[31m[1m^[22m[39m
[31m[1m^[22m[39m[
31m[1m^[22m[39m[31
m[1m^[22m[39m[31m
[1m^[22m[39m[31m[1
m^[22m[39m[31m[1m^
[22m[39m[31m[1m^[
22m[39m[31m[1m^[22
m[39m[31m[1m^[22m
[39m[31m[1m^[22m[3
9m[31m[1m^[22m[39m
[31m[1m^[22m[39m[
31m[1m^[22m[39m[31
m[1m^[22m[39m[31m
[1m^[22m[39m[31m[1
m^[22m[39m[31m[1m^
[22m[39m[31m[1m^[
22m[39m[31m[1m^[22
m[39m[31m[1m^[22m
[39m[31m[1m^[22m[3
9m[31m[1m^[22m[39m
[31m[1m^[22m[39m[
31m[1m^[22m[39m[31
m[1m^[22m[39m[31m
[1m^[22m[39m[31m[1
m^[22m[39m[31m[1m^
[22m[39m[31m[1m^[
22m[39m[31m[1m^[22
m[39m[31m[1m^[22m
[39m[31m[1m^[22m[3
9m[31m[1m^[22m[39m
[31m[1m^[22m[39m[
31m[1m^[22m[39m[31
m[1m^[22m[39m[31m
[1m^[22m[39m
 [90m 5 |[39m 
[36mimport[39m { [3
3mChevronLeft[39m[33
m,[39m [33mChevronRi
ght[39m[33m,[39m 
[33mStar[39m } 
[36mfrom[39m [32m"l
ucide-react"[39m[33m
;[39m
 [90m 6 |[39m 
[36mimport[39m { 
[33mButton[39m } 
[36mfrom[39m [32m".
./ui/button"[39m[33m
;[39m
 [90m 7 |[39m[0m



Import traces:
  Client Component 
Browser:
    ./eli/frontend/com
ponents/landing/Testim
onialCarousel.tsx 
[Client Component 
Browser]
    ./eli/frontend/com
ponents/LandingPage.ts
x [Client Component 
Browser]
    ./eli/frontend/app
/page.tsx [Client 
Component Browser]
    ./eli/frontend/app
/page.tsx [Server 
Component]

  Client Component 
SSR:
    ./eli/frontend/com
ponents/landing/Testim
onialCarousel.tsx 
[Client Component SSR]
    ./eli/frontend/com
ponents/LandingPage.ts
x [Client Component 
SSR]
    ./eli/frontend/app
/page.tsx [Client 
Component SSR]
    ./eli/frontend/app
/page.tsx [Server 
Component]

https://nextjs.org/doc
s/messages/module-not-
found


./eli/frontend/compone
nts/ThemeToggle.tsx:4:
1
Module not found: 
Can't resolve '@/conte
xts/ThemeContext'
[0m [90m 2 |[39m
 [90m 3 |[39m 
[36mimport[39m 
[33mReact[39m 
[36mfrom[39m [32m'r
eact'[39m[33m;[39m
[31m[1m>[22m[39m[
90m 4 |[39m 
[36mimport[39m { 
useTheme } 
[36mfrom[39m [32m'@
/contexts/ThemeContext
'[39m[33m;[39m
 [90m   |[39m [31m
[1m^[22m[39m[31m[1
m^[22m[39m[31m[1m^
[22m[39m[31m[1m^[
22m[39m[31m[1m^[22
m[39m[31m[1m^[22m
[39m[31m[1m^[22m[3
9m[31m[1m^[22m[39m
[31m[1m^[22m[39m[
31m[1m^[22m[39m[31
m[1m^[22m[39m[31m
[1m^[22m[39m[31m[1
m^[22m[39m[31m[1m^
[22m[39m[31m[1m^[
22m[39m[31m[1m^[22
m[39m[31m[1m^[22m
[39m[31m[1m^[22m[3
9m[31m[1m^[22m[39m
[31m[1m^[22m[39m[
31m[1m^[22m[39m[31
m[1m^[22m[39m[31m
[1m^[22m[39m[31m[1
m^[22m[39m[31m[1m^
[22m[39m[31m[1m^[
22m[39m[31m[1m^[22
m[39m[31m[1m^[22m
[39m[31m[1m^[22m[3
9m[31m[1m^[22m[39m
[31m[1m^[22m[39m[
31m[1m^[22m[39m[31
m[1m^[22m[39m[31m
[1m^[22m[39m[31m[1
m^[22m[39m[31m[1m^
[22m[39m[31m[1m^[
22m[39m[31m[1m^[22
m[39m[31m[1m^[22m
[39m[31m[1m^[22m[3
9m[31m[1m^[22m[39m
[31m[1m^[22m[39m[
31m[1m^[22m[39m[31
m[1m^[22m[39m[31m
[1m^[22m[39m[31m[1
m^[22m[39m[31m[1m^
[22m[39m[31m[1m^[
22m[39m[31m[1m^[22
m[39m[31m[1m^[22m
[39m[31m[1m^[22m[3
9m
 [90m 5 |[39m 
[36mimport[39m { [3
3mSunIcon[39m[33m,[
39m 
[33mMoonIcon[39m } 
[36mfrom[39m [32m'@
heroicons/react/24/out
line'[39m[33m;[39m
 [90m 6 |[39m
 [90m 7 |[39m 
[36minterface[39m [
33mThemeToggleProps[3
9m {[0m

Import map: aliased 
to relative './context
s/ThemeContext' 
inside of 
[project]/eli/frontend


Import trace:
  Client Component 
Browser:
    ./eli/frontend/com
ponents/ThemeToggle.ts
x [Client Component 
Browser]
    ./eli/frontend/com
ponents/HomeContent.ts
x [Client Component 
Browser]
    ./eli/frontend/app
/page.tsx [Client 
Component Browser]
    ./eli/frontend/app
/page.tsx [Server 
Component]

https://nextjs.org/doc
s/messages/module-not-
found


./eli/frontend/compone
nts/landing/Navigation
.tsx:8:1
Module not found: 
Can't resolve 
'@/lib/analytics'
[0m [90m  6 |[39m 
[36mimport[39m 
[33mLink[39m 
[36mfrom[39m [32m"n
ext/link"[39m[33m;[
39m
 [90m  7 |[39m 
[36mimport[39m 
[33mImage[39m 
[36mfrom[39m [32m"n
ext/image"[39m[33m;
[39m
[31m[1m>[22m[39m[
90m  8 |[39m 
[36mimport[39m { 
analytics } 
[36mfrom[39m [32m"@
/lib/analytics"[39m[
33m;[39m
 [90m    |[39m [31m
[1m^[22m[39m[31m[
1m^[22m[39m[31m[1m
^[22m[39m[31m[1m^
[22m[39m[31m[1m^[2
2m[39m[31m[1m^[22m
[39m[31m[1m^[22m[
39m[31m[1m^[22m[39
m[31m[1m^[22m[39m
[31m[1m^[22m[39m[3
1m[1m^[22m[39m[31m
[1m^[22m[39m[31m[
1m^[22m[39m[31m[1m
^[22m[39m[31m[1m^
[22m[39m[31m[1m^[2
2m[39m[31m[1m^[22m
[39m[31m[1m^[22m[
39m[31m[1m^[22m[39
m[31m[1m^[22m[39m
[31m[1m^[22m[39m[3
1m[1m^[22m[39m[31m
[1m^[22m[39m[31m[
1m^[22m[39m[31m[1m
^[22m[39m[31m[1m^
[22m[39m[31m[1m^[2
2m[39m[31m[1m^[22m
[39m[31m[1m^[22m[
39m[31m[1m^[22m[39
m[31m[1m^[22m[39m
[31m[1m^[22m[39m[3
1m[1m^[22m[39m[31m
[1m^[22m[39m[31m[
1m^[22m[39m[31m[1m
^[22m[39m[31m[1m^
[22m[39m[31m[1m^[2
2m[39m[31m[1m^[22m
[39m[31m[1m^[22m[
39m[31m[1m^[22m[39
m[31m[1m^[22m[39m
[31m[1m^[22m[39m[3
1m[1m^[22m[39m
 [90m  9 |[39m
 [90m 10 |[39m 
[36mexport[39m 
[36mdefault[39m 
[36mfunction[39m [3
3mNavigation[39m() {
 [90m 11 |[39m   
[36mconst[39m [mobil
eMenuOpen[33m,[39m 
setMobileMenuOpen] 
[33m=[39m useState(
[36mfalse[39m)[33m;
[39m[0m

Import map: aliased 
to relative 
'./lib/analytics' 
inside of 
[project]/eli/frontend


Import traces:
  Client Component 
Browser:
    ./eli/frontend/com
ponents/landing/Naviga
tion.tsx [Client 
Component Browser]
    ./eli/frontend/com
ponents/LandingPage.ts
x [Client Component 
Browser]
    ./eli/frontend/app
/page.tsx [Client 
Component Browser]
    ./eli/frontend/app
/page.tsx [Server 
Component]

  Client Component 
SSR:
    ./eli/frontend/com
ponents/landing/Naviga
tion.tsx [Client 
Component SSR]
    ./eli/frontend/com
ponents/LandingPage.ts
x [Client Component 
SSR]
    ./eli/frontend/app
/page.tsx [Client 
Component SSR]
    ./eli/frontend/app
/page.tsx [Server 
Component]

https://nextjs.org/doc
s/messages/module-not-
found


./eli/frontend/compone
nts/QuizLoadingModal.t
sx:5:1
Module not found: 
Can't resolve '@/lib/d
id-you-know-facts'
[0m [90m 3 |[39m 
[36mimport[39m [33m
React[39m[33m,[39m 
{ useState[33m,[39m 
useEffect[33m,[39m 
useRef } 
[36mfrom[39m [32m'r
eact'[39m[33m;[39m
 [90m 4 |[39m 
[36mimport[39m { 
motion[33m,[39m [33
mAnimatePresence[39m 
} [36mfrom[39m [32m
'framer-motion'[39m[
33m;[39m
[31m[1m>[22m[39m[
90m 5 |[39m 
[36mimport[39m { [3
3mDID_YOU_KNOW_FACTS[
39m[33m,[39m [33mDi
dYouKnowFact[39m } 
[36mfrom[39m [32m'@
/lib/did-you-know-fact
s'[39m[33m;[39m
 [90m   |[39m [31m
[1m^[22m[39m[31m[1
m^[22m[39m[31m[1m^
[22m[39m[31m[1m^[
22m[39m[31m[1m^[22
m[39m[31m[1m^[22m
[39m[31m[1m^[22m[3
9m[31m[1m^[22m[39m
[31m[1m^[22m[39m[
31m[1m^[22m[39m[31
m[1m^[22m[39m[31m
[1m^[22m[39m[31m[1
m^[22m[39m[31m[1m^
[22m[39m[31m[1m^[
22m[39m[31m[1m^[22
m[39m[31m[1m^[22m
[39m[31m[1m^[22m[3
9m[31m[1m^[22m[39m
[31m[1m^[22m[39m[
31m[1m^[22m[39m[31
m[1m^[22m[39m[31m
[1m^[22m[39m[31m[1
m^[22m[39m[31m[1m^
[22m[39m[31m[1m^[
22m[39m[31m[1m^[22
m[39m[31m[1m^[22m
[39m[31m[1m^[22m[3
9m[31m[1m^[22m[39m
[31m[1m^[22m[39m[
31m[1m^[22m[39m[31
m[1m^[22m[39m[31m
[1m^[22m[39m[31m[1
m^[22m[39m[31m[1m^
[22m[39m[31m[1m^[
22m[39m[31m[1m^[22
m[39m[31m[1m^[22m
[39m[31m[1m^[22m[3
9m[31m[1m^[22m[39m
[31m[1m^[22m[39m[
31m[1m^[22m[39m[31
m[1m^[22m[39m[31m
[1m^[22m[39m[31m[1
m^[22m[39m[31m[1m^
[22m[39m[31m[1m^[
22m[39m[31m[1m^[22
m[39m[31m[1m^[22m
[39m[31m[1m^[22m[3
9m[31m[1m^[22m[39m
[31m[1m^[22m[39m[
31m[1m^[22m[39m[31
m[1m^[22m[39m[31m
[1m^[22m[39m[31m[1
m^[22m[39m[31m[1m^
[22m[39m[31m[1m^[
22m[39m[31m[1m^[22
m[39m[31m[1m^[22m
[39m[31m[1m^[22m[3
9m[31m[1m^[22m[39m
[31m[1m^[22m[39m[
31m[1m^[22m[39m[31
m[1m^[22m[39m[31m
[1m^[22m[39m[31m[1
m^[22m[39m[31m[1m^
[22m[39m[31m[1m^[
22m[39m[31m[1m^[22
m[39m[31m[1m^[22m
[39m[31m[1m^[22m[3
9m[31m[1m^[22m[39m
[31m[1m^[22m[39m[
31m[1m^[22m[39m[31
m[1m^[22m[39m[31m
[1m^[22m[39m
 [90m 6 |[39m
 [90m 7 |[39m 
[36minterface[39m [
33mQuizLoadingModalPro
ps[39m {
 [90m 8 |[39m   
isOpen[33m:[39m 
boolean[33m;[39m[0m

Import map: aliased 
to relative './lib/did
-you-know-facts' 
inside of 
[project]/eli/frontend


Import traces:
  Client Component 
Browser:
    ./eli/frontend/com
ponents/QuizLoadingMod
al.tsx [Client 
Component Browser]
    ./eli/frontend/com
ponents/QuizSelectionF
orm.tsx [Client 
Component Browser]
    ./eli/frontend/app
/quiz/page.tsx 
[Client Component 
Browser]
    ./eli/frontend/app
/quiz/page.tsx 
[Server Component]

  Client Component 
SSR:
    ./eli/frontend/com
ponents/QuizLoadingMod
al.tsx [Client 
Component SSR]
    ./eli/frontend/com
ponents/QuizSelectionF
orm.tsx [Client 
Component SSR]
    ./eli/frontend/app
/quiz/page.tsx 
[Client Component SSR]
    ./eli/frontend/app
/quiz/page.tsx 
[Server Component]

https://nextjs.org/doc
s/messages/module-not-
found


    at <unknown> (./el
i/frontend/components/
landing/TestimonialCar
ousel.tsx:4:1)
    at <unknown> (http
s://nextjs.org/docs/me
ssages/module-not-foun
d)
    at <unknown> (./el
i/frontend/components/
ThemeToggle.tsx:4:1)
    at <unknown> (http
s://nextjs.org/docs/me
ssages/module-not-foun
d)
    at <unknown> (./el
i/frontend/components/
landing/Navigation.tsx
:8:1)
    at <unknown> (http
s://nextjs.org/docs/me
ssages/module-not-foun
d)
    at <unknown> (./el
i/frontend/components/
QuizLoadingModal.tsx:5
:1)
    at <unknown> (http
s://nextjs.org/docs/me
ssages/module-not-foun
d)
